camper: /project$ mkdir number_guessing_name
camper: /project$ rmidr number_guessing_name/
bash: rmidr: command not found
camper: /project$ rmdir number_guessing_name/
camper: /project$ rmdir number_guessing_name
rmdir: failed to remove 'number_guessing_name': No such file or directory
camper: /project$ mkdir number_guessing_games
camper: /project$ mkdir number_guessing_game
camper: /project$ cd number_guessing_game/
camper: /number_guessing_game$ git init
hint: Using 'master' as the name for the initial branch. This default branch name
hint: is subject to change. To configure the initial branch name to use in all
hint: of your new repositories, which will suppress this warning, call:
hint: 
hint:   git config --global init.defaultBranch <name>
hint: 
hint: Names commonly chosen instead of 'master' are 'main', 'trunk' and
hint: 'development'. The just-created branch can be renamed via this command:
hint: 
hint:   git branch -m <name>
Initialized empty Git repository in /workspace/project/number_guessing_game/.git/
camper: /number_guessing_game$ git branch
camper: /number_guessing_game$ touch number_guess.sh
camper: /number_guessing_game$ chmod +x number_guess.sh
camper: /number_guessing_game$ git status
On branch master

No commits yet

Untracked files:
  (use "git add <file>..." to include in what will be committed)
        number_guess.sh

nothing added to commit but untracked files present (use "git add" to track)
camper: /number_guessing_game$ git add .
camper: /number_guessing_game$ git commit -m "Initial commit"
[master (root-commit) fffbef6] Initial commit
 1 file changed, 1 insertion(+)
 create mode 100755 number_guess.sh
camper: /number_guessing_game$ git branch
* master
camper: /number_guessing_game$ git main
git: 'main' is not a git command. See 'git --help'.

The most similar command is
        mailinfo
camper: /number_guessing_game$ git b checkout -b main
git: 'b' is not a git command. See 'git --help'.

The most similar commands are
        bisect
        branch
        am
        gc
        lg
        mv
        rm
camper: /number_guessing_game$ git  checkout -b main
Switched to a new branch 'main'
camper: /number_guessing_game$ git branch
* main
  master
camper: /number_guessing_game$ ./number_guess.sh
Enter your username:
d
153
camper: /number_guessing_game$ test man
camper: /number_guessing_game$ man test
camper: /number_guessing_game$ ./number_guess.sh
Enter your username:
maria
echo Guess the secret number between 1 and 1000:
500
It's lower than that, guess again: 400
It's lower than that, guess again: 300
It's lower than that, guess again: 600
It's lower than that, guess again: 700
It's lower than that, guess again: 800
It's lower than that, guess again: 900
It's lower than that, guess again: 950
It's lower than that, guess again: 999
It's lower than that, guess again: 300
It's lower than that, guess again: 200
It's higher than that, guess again: 220
It's lower than that, guess again: 190
It's higher than that, guess again: 180
It's higher than that, guess again: 195
It's higher than that, guess again: 199
It's higher than that, guess again: 200
It's higher than that, guess again: 220
It's lower than that, guess again: 210
It's higher than that, guess again: 215
It's higher than that, guess again: 216
It's higher than that, guess again: 217
It's higher than that, guess again: 218
You guessed it in 23 tries. The secret number was 218. Nice job!
camper: /number_guessing_game$ ./number_guess.sh
Enter your username:
marian
Welcome, marian! It looks like this is your first time here.
Guess the secret number between 1 and 1000:
500
It's higher than that, guess again: 600
It's higher than that, guess again: 700
It's higher than that, guess again: 900
It's lower than that, guess again: 850
It's lower than that, guess again: 800
It's higher than that, guess again: 820
It's higher than that, guess again: 830
It's higher than that, guess again: 840
It's lower than that, guess again: 835
It's lower than that, guess again: 833
It's lower than that, guess again: 832
It's lower than that, guess again: 831
You guessed it in 13 tries. The secret number was 831. Nice job!
camper: /number_guessing_game$ git add .
camper: /number_guessing_game$ git commit -m "feat: guessing game"
[main b2d205c] feat: guessing game
 1 file changed, 54 insertions(+)
camper: /number_guessing_game$ git status
On branch main
nothing to commit, working tree clean
camper: /number_guessing_game$ git add .
camper: /number_guessing_game$ git commit -m "fix: guessing game"
On branch main
nothing to commit, working tree clean
camper: /number_guessing_game$ git add .
camper: /number_guessing_game$ git commit -m "feat: guessing game"
[main 5b07af3] feat: guessing game
 1 file changed, 1 insertion(+)
camper: /number_guessing_game$ git add .
camper: /number_guessing_game$ git commit -m "fix: guessing game"
On branch main
nothing to commit, working tree clean
camper: /number_guessing_game$ git add .
camper: /number_guessing_game$ git commit -m "fix: guessing game"
On branch main
nothing to commit, working tree clean
camper: /number_guessing_game$ git add .
camper: /number_guessing_game$ git commit -m "feat: guessing game"
[main f57643f] feat: guessing game
 1 file changed, 1 deletion(-)
camper: /number_guessing_game$ git add .
camper: /number_guessing_game$ git commit -m "fix:  guessing game"
On branch main
nothing to commit, working tree clean
camper: /number_guessing_game$ git add .
camper: /number_guessing_game$ git commit -m "fix: guessing game"
[main 8313fc1] fix: guessing game
 1 file changed, 1 insertion(+)
camper: /number_guessing_game$ git add .
camper: /number_guessing_game$ git commit -m "refactor: guessing game
"
On branch main
nothing to commit, working tree clean
camper: /number_guessing_game$ git add .
camper: /number_guessing_game$ git commit -m "refactor: guessing game"
On branch main
Changes not staged for commit:
  (use "git add <file>..." to update what will be committed)
  (use "git restore <file>..." to discard changes in working directory)
        modified:   number_guess.sh

no changes added to commit (use "git add" and/or "git commit -a")
camper: /number_guessing_game$ git add .
camper: /number_guessing_game$ git commit -m "refactor: guessing game"
[main b6fd62a] refactor: guessing game
 1 file changed, 1 deletion(-)
camper: /number_guessing_game$ pg_dump -cC --inserts -U freecodecamp number_guess > number_guess.sql
camper: /number_guessing_game$ 
